waiting for UnityClient...
=== game pid 1333382, profiling 60s from launch ===
--- t+5s ---
1333536 ttanurh+  15  -5 4937144   1,4g  92560 S  24,8   4,6   0:22.30 Worker +
1333538 ttanurh+  15  -5 4937144   1,4g  92560 R  24,8   4,6   0:22.26 Worker +
1333539 ttanurh+  15  -5 4937144   1,4g  92560 S  24,8   4,6   0:22.20 Worker +
1333540 ttanurh+  15  -5 4937144   1,4g  92560 S  24,8   4,6   0:22.25 Worker +
1333541 ttanurh+  15  -5 4937144   1,4g  92560 S  24,8   4,6   0:22.23 Worker +
1333542 ttanurh+  15  -5 4937144   1,4g  92560 S  24,8   4,6   0:22.09 Worker +
1333544 ttanurh+  15  -5 4937144   1,4g  92560 S  24,8   4,6   0:22.02 Worker +
1333549 ttanurh+  15  -5 4937144   1,4g  92560 S  24,8   4,6   0:21.95 Worker +
1333550 ttanurh+  15  -5 4937144   1,4g  92560 S  24,8   4,6   0:22.00 Worker +
1333573 ttanurh+  15  -5 4937144   1,4g  92560 R  24,8   4,6   0:22.02 Worker +
1333574 ttanurh+  15  -5 4937144   1,4g  92560 S  24,8   4,6   0:21.99 Worker +
1333576 ttanurh+  15  -5 4937144   1,4g  92560 S  24,8   4,6   0:21.94 Worker +
1333579 ttanurh+  15  -5 4937144   1,4g  92560 S  24,8   4,6   0:21.97 Worker +
1333580 ttanurh+  15  -5 4937144   1,4g  92560 S  24,8   4,6   0:22.01 Worker +
1333522 ttanurh+  15  -5 4937144   1,4g  92560 R  19,8   4,6   0:16.33 UnityCl+
1333382  651  4.5 1492756 139
Dirty:             11212 kB
Writeback:             0 kB
--- t+10s ---
1333536 ttanurh+  15  -5 4938168   1,4g  92560 S  24,8   4,6   0:23.47 Worker +
1333537 ttanurh+  15  -5 4938168   1,4g  92560 R  24,8   4,6   0:23.39 Worker +
1333542 ttanurh+  15  -5 4938168   1,4g  92560 S  24,8   4,6   0:23.25 Worker +
1333544 ttanurh+  15  -5 4938168   1,4g  92560 S  24,8   4,6   0:23.17 Worker +
1333545 ttanurh+  15  -5 4938168   1,4g  92560 R  24,8   4,6   0:23.09 Worker +
1333546 ttanurh+  15  -5 4938168   1,4g  92560 S  24,8   4,6   0:23.20 Worker +
1333549 ttanurh+  15  -5 4938168   1,4g  92560 S  24,8   4,6   0:23.10 Worker +
1333551 ttanurh+  15  -5 4938168   1,4g  92560 S  24,8   4,6   0:23.15 Worker +
1333552 ttanurh+  15  -5 4938168   1,4g  92560 R  24,8   4,6   0:23.18 Worker +
1333570 ttanurh+  15  -5 4938168   1,4g  92560 S  24,8   4,6   0:23.11 Worker +
1333572 ttanurh+  15  -5 4938168   1,4g  92560 S  24,8   4,6   0:23.15 Worker +
1333580 ttanurh+  15  -5 4938168   1,4g  92560 S  24,8   4,6   0:23.16 Worker +
1333522 ttanurh+  15  -5 4938168   1,4g  92560 S  19,8   4,6   0:17.30 UnityCl+
1333538 ttanurh+  15  -5 4938168   1,4g  92560 S  19,8   4,6   0:23.42 Worker +
1333539 ttanurh+  15  -5 4938168   1,4g  92560 S  19,8   4,6   0:23.36 Worker +
1333382  657  4.5 1495952 139
Dirty:             14976 kB
Writeback:             0 kB
--- t+15s ---
1333536 ttanurh+  15  -5 4938168   1,4g  92560 R  24,7   4,6   0:24.62 Worker +
1333538 ttanurh+  15  -5 4938168   1,4g  92560 S  24,7   4,6   0:24.58 Worker +
1333540 ttanurh+  15  -5 4938168   1,4g  92560 S  24,7   4,6   0:24.57 Worker +
1333545 ttanurh+  15  -5 4938168   1,4g  92560 S  24,7   4,6   0:24.23 Worker +
1333546 ttanurh+  15  -5 4938168   1,4g  92560 S  24,7   4,6   0:24.34 Worker +
1333549 ttanurh+  15  -5 4938168   1,4g  92560 S  24,7   4,6   0:24.24 Worker +
1333551 ttanurh+  15  -5 4938168   1,4g  92560 S  24,7   4,6   0:24.29 Worker +
1333572 ttanurh+  15  -5 4938168   1,4g  92560 S  24,7   4,6   0:24.29 Worker +
1333573 ttanurh+  15  -5 4938168   1,4g  92560 S  24,7   4,6   0:24.32 Worker +
1333574 ttanurh+  15  -5 4938168   1,4g  92560 R  24,7   4,6   0:24.29 Worker +
1333577 ttanurh+  15  -5 4938168   1,4g  92560 S  24,7   4,6   0:24.25 Worker +
1333578 ttanurh+  15  -5 4938168   1,4g  92560 S  24,7   4,6   0:24.26 Worker +
1333537 ttanurh+  15  -5 4938168   1,4g  92560 S  19,8   4,6   0:24.54 Worker +
1333539 ttanurh+  15  -5 4938168   1,4g  92560 S  19,8   4,6   0:24.51 Worker +
1333541 ttanurh+  15  -5 4938168   1,4g  92560 S  19,8   4,6   0:24.54 Worker +
1333382  663  4.5 1496152 139
Dirty:             16284 kB
Writeback:            84 kB
--- t+20s ---
1333546 ttanurh+  15  -5 4938168   1,4g  92560 S  29,7   4,6   0:25.48 Worker +
1333538 ttanurh+  15  -5 4938168   1,4g  92560 S  24,7   4,6   0:25.72 Worker +
1333539 ttanurh+  15  -5 4938168   1,4g  92560 R  24,7   4,6   0:25.65 Worker +
1333543 ttanurh+  15  -5 4938168   1,4g  92560 S  24,7   4,6   0:25.51 Worker +
1333544 ttanurh+  15  -5 4938168   1,4g  92560 S  24,7   4,6   0:25.45 Worker +
1333548 ttanurh+  15  -5 4938168   1,4g  92560 S  24,7   4,6   0:25.35 Worker +
1333549 ttanurh+  15  -5 4938168   1,4g  92560 S  24,7   4,6   0:25.36 Worker +
1333550 ttanurh+  15  -5 4938168   1,4g  92560 S  24,7   4,6   0:25.41 Worker +
1333551 ttanurh+  15  -5 4938168   1,4g  92560 S  24,7   4,6   0:25.42 Worker +
1333570 ttanurh+  15  -5 4938168   1,4g  92560 S  24,7   4,6   0:25.37 Worker +
1333575 ttanurh+  15  -5 4938168   1,4g  92560 R  24,7   4,6   0:25.43 Worker +
1333576 ttanurh+  15  -5 4938168   1,4g  92560 S  24,7   4,6   0:25.36 Worker +
1333577 ttanurh+  15  -5 4938168   1,4g  92560 S  24,7   4,6   0:25.37 Worker +
1333580 ttanurh+  15  -5 4938168   1,4g  92560 R  24,7   4,6   0:25.43 Worker +
1333536 ttanurh+  15  -5 4938168   1,4g  92560 R  19,8   4,6   0:25.76 Worker +
1333382  668  4.5 1496176 139
Dirty:              8520 kB
Writeback:             0 kB
--- t+25s ---
1333536 ttanurh+  15  -5 4938168   1,4g  92560 S  24,7   4,6   0:26.92 Worker +
1333538 ttanurh+  15  -5 4938168   1,4g  92560 R  24,7   4,6   0:26.87 Worker +
1333539 ttanurh+  15  -5 4938168   1,4g  92560 R  24,7   4,6   0:26.80 Worker +
1333545 ttanurh+  15  -5 4938168   1,4g  92560 S  24,7   4,6   0:26.50 Worker +
1333546 ttanurh+  15  -5 4938168   1,4g  92560 S  24,7   4,6   0:26.62 Worker +
1333547 ttanurh+  15  -5 4938168   1,4g  92560 S  24,7   4,6   0:26.57 Worker +
1333548 ttanurh+  15  -5 4938168   1,4g  92560 R  24,7   4,6   0:26.49 Worker +
1333549 ttanurh+  15  -5 4938168   1,4g  92560 R  24,7   4,6   0:26.51 Worker +
1333551 ttanurh+  15  -5 4938168   1,4g  92560 R  24,7   4,6   0:26.56 Worker +
1333572 ttanurh+  15  -5 4938168   1,4g  92560 R  24,7   4,6   0:26.57 Worker +
1333577 ttanurh+  15  -5 4938168   1,4g  92560 S  24,7   4,6   0:26.52 Worker +
1333579 ttanurh+  15  -5 4938168   1,4g  92560 R  24,7   4,6   0:26.53 Worker +
1333522 ttanurh+  15  -5 4938168   1,4g  92560 S  19,8   4,6   0:20.14 UnityCl+
1333537 ttanurh+  15  -5 4938168   1,4g  92560 S  19,8   4,6   0:26.83 Worker +
1333540 ttanurh+  15  -5 4938168   1,4g  92560 R  19,8   4,6   0:26.87 Worker +
1333382  673  4.5 1496284 139
Dirty:              9208 kB
Writeback:             0 kB
--- t+30s ---
1333549 ttanurh+  15  -5 4938168   1,4g  92560 S  24,8   4,6   0:27.64 Worker +
1333551 ttanurh+  15  -5 4938168   1,4g  92560 S  24,8   4,6   0:27.70 Worker +
1333575 ttanurh+  15  -5 4938168   1,4g  92560 R  24,8   4,6   0:27.70 Worker +
1333578 ttanurh+  15  -5 4938168   1,4g  92560 S  24,8   4,6   0:27.66 Worker +
1333579 ttanurh+  15  -5 4938168   1,4g  92560 S  24,8   4,6   0:27.66 Worker +
1333536 ttanurh+  15  -5 4938168   1,4g  92560 R  19,9   4,6   0:28.07 Worker +
1333537 ttanurh+  15  -5 4938168   1,4g  92560 S  19,9   4,6   0:27.98 Worker +
1333538 ttanurh+  15  -5 4938168   1,4g  92560 S  19,9   4,6   0:28.02 Worker +
1333539 ttanurh+  15  -5 4938168   1,4g  92560 S  19,9   4,6   0:27.95 Worker +
1333540 ttanurh+  15  -5 4938168   1,4g  92560 S  19,9   4,6   0:28.02 Worker +
1333541 ttanurh+  15  -5 4938168   1,4g  92560 S  19,9   4,6   0:27.99 Worker +
1333542 ttanurh+  15  -5 4938168   1,4g  92560 R  19,9   4,6   0:27.81 Worker +
1333543 ttanurh+  15  -5 4938168   1,4g  92560 R  19,9   4,6   0:27.79 Worker +
1333544 ttanurh+  15  -5 4938168   1,4g  92560 S  19,9   4,6   0:27.73 Worker +
1333545 ttanurh+  15  -5 4938168   1,4g  92560 R  19,9   4,6   0:27.63 Worker +
1333382  677  4.5 1496396 139
Dirty:             11148 kB
Writeback:             0 kB
--- t+35s ---
1333536 ttanurh+  15  -5 4938172   1,4g  92564 S  24,7   4,6   0:29.23 Worker +
1333537 ttanurh+  15  -5 4938172   1,4g  92564 S  24,7   4,6   0:29.14 Worker +
1333538 ttanurh+  15  -5 4938172   1,4g  92564 S  24,7   4,6   0:29.18 Worker +
1333541 ttanurh+  15  -5 4938172   1,4g  92564 S  24,7   4,6   0:29.15 Worker +
1333544 ttanurh+  15  -5 4938172   1,4g  92564 S  24,7   4,6   0:28.88 Worker +
1333547 ttanurh+  15  -5 4938172   1,4g  92564 S  24,7   4,6   0:28.85 Worker +
1333548 ttanurh+  15  -5 4938172   1,4g  92564 S  24,7   4,6   0:28.76 Worker +
1333549 ttanurh+  15  -5 4938172   1,4g  92564 S  24,7   4,6   0:28.78 Worker +
1333550 ttanurh+  15  -5 4938172   1,4g  92564 S  24,7   4,6   0:28.83 Worker +
1333552 ttanurh+  15  -5 4938172   1,4g  92564 S  24,7   4,6   0:28.87 Worker +
1333572 ttanurh+  15  -5 4938172   1,4g  92564 S  24,7   4,6   0:28.85 Worker +
1333574 ttanurh+  15  -5 4938172   1,4g  92564 S  24,7   4,6   0:28.84 Worker +
1333576 ttanurh+  15  -5 4938172   1,4g  92564 S  24,7   4,6   0:28.77 Worker +
1333578 ttanurh+  15  -5 4938172   1,4g  92564 S  24,7   4,6   0:28.81 Worker +
1333580 ttanurh+  15  -5 4938172   1,4g  92564 S  24,7   4,6   0:28.85 Worker +
1333382  682  4.5 1496608 139
Dirty:             10556 kB
Writeback:             0 kB
--- t+40s ---
1333536 ttanurh+  15  -5 4938172   1,4g  92564 R  24,7   4,6   0:30.39 Worker +
1333537 ttanurh+  15  -5 4938172   1,4g  92564 S  24,7   4,6   0:30.29 Worker +
1333538 ttanurh+  15  -5 4938172   1,4g  92564 S  24,7   4,6   0:30.33 Worker +
1333540 ttanurh+  15  -5 4938172   1,4g  92564 S  24,7   4,6   0:30.34 Worker +
1333541 ttanurh+  15  -5 4938172   1,4g  92564 S  24,7   4,6   0:30.31 Worker +
1333542 ttanurh+  15  -5 4938172   1,4g  92564 S  24,7   4,6   0:30.11 Worker +
1333543 ttanurh+  15  -5 4938172   1,4g  92564 S  24,7   4,6   0:30.09 Worker +
1333544 ttanurh+  15  -5 4938172   1,4g  92564 R  24,7   4,6   0:30.03 Worker +
1333546 ttanurh+  15  -5 4938172   1,4g  92564 S  24,7   4,6   0:30.04 Worker +
1333548 ttanurh+  15  -5 4938172   1,4g  92564 R  24,7   4,6   0:29.90 Worker +
1333549 ttanurh+  15  -5 4938172   1,4g  92564 S  24,7   4,6   0:29.92 Worker +
1333550 ttanurh+  15  -5 4938172   1,4g  92564 S  24,7   4,6   0:29.97 Worker +
1333570 ttanurh+  15  -5 4938172   1,4g  92564 R  24,7   4,6   0:29.94 Worker +
1333572 ttanurh+  15  -5 4938172   1,4g  92564 S  24,7   4,6   0:29.99 Worker +
1333573 ttanurh+  15  -5 4938172   1,4g  92564 S  24,7   4,6   0:30.03 Worker +
1333382  686  4.5 1496616 139
Dirty:             12172 kB
Writeback:             0 kB
--- t+45s ---
1333538 ttanurh+  15  -5 4938172   1,4g  92564 S  24,7   4,6   0:31.50 Worker +
1333540 ttanurh+  15  -5 4938172   1,4g  92564 S  24,7   4,6   0:31.50 Worker +
1333541 ttanurh+  15  -5 4938172   1,4g  92564 R  24,7   4,6   0:31.46 Worker +
1333543 ttanurh+  15  -5 4938172   1,4g  92564 S  24,7   4,6   0:31.23 Worker +
1333544 ttanurh+  15  -5 4938172   1,4g  92564 S  24,7   4,6   0:31.17 Worker +
1333545 ttanurh+  15  -5 4938172   1,4g  92564 S  24,7   4,6   0:31.06 Worker +
1333550 ttanurh+  15  -5 4938172   1,4g  92564 S  24,7   4,6   0:31.12 Worker +
1333552 ttanurh+  15  -5 4938172   1,4g  92564 S  24,7   4,6   0:31.17 Worker +
1333572 ttanurh+  15  -5 4938172   1,4g  92564 S  24,7   4,6   0:31.13 Worker +
1333573 ttanurh+  15  -5 4938172   1,4g  92564 R  24,7   4,6   0:31.18 Worker +
1333574 ttanurh+  15  -5 4938172   1,4g  92564 S  24,7   4,6   0:31.13 Worker +
1333536 ttanurh+  15  -5 4938172   1,4g  92564 R  19,8   4,6   0:31.55 Worker +
1333537 ttanurh+  15  -5 4938172   1,4g  92564 S  19,8   4,6   0:31.44 Worker +
1333539 ttanurh+  15  -5 4938172   1,4g  92564 S  19,8   4,6   0:31.41 Worker +
1333546 ttanurh+  15  -5 4938172   1,4g  92564 S  19,8   4,6   0:31.18 Worker +
1333382  689  4.5 1496728 139
Dirty:             13952 kB
Writeback:             0 kB
--- t+50s ---
1333536 ttanurh+  15  -5 4938172   1,4g  92564 R  24,7   4,6   0:32.71 Worker +
1333539 ttanurh+  15  -5 4938172   1,4g  92564 S  24,7   4,6   0:32.56 Worker +
1333542 ttanurh+  15  -5 4938172   1,4g  92564 S  24,7   4,6   0:32.41 Worker +
1333544 ttanurh+  15  -5 4938172   1,4g  92564 R  24,7   4,6   0:32.31 Worker +
1333551 ttanurh+  15  -5 4938172   1,4g  92564 S  24,7   4,6   0:32.27 Worker +
1333552 ttanurh+  15  -5 4938172   1,4g  92564 R  24,7   4,6   0:32.31 Worker +
1333573 ttanurh+  15  -5 4938172   1,4g  92564 R  24,7   4,6   0:32.32 Worker +
1333576 ttanurh+  15  -5 4938172   1,4g  92564 S  24,7   4,6   0:32.20 Worker +
1333538 ttanurh+  15  -5 4938172   1,4g  92564 S  19,8   4,6   0:32.64 Worker +
1333540 ttanurh+  15  -5 4938172   1,4g  92564 S  19,8   4,6   0:32.65 Worker +
1333541 ttanurh+  15  -5 4938172   1,4g  92564 R  19,8   4,6   0:32.61 Worker +
1333543 ttanurh+  15  -5 4938172   1,4g  92564 S  19,8   4,6   0:32.37 Worker +
1333545 ttanurh+  15  -5 4938172   1,4g  92564 S  19,8   4,6   0:32.20 Worker +
1333546 ttanurh+  15  -5 4938172   1,4g  92564 R  19,8   4,6   0:32.32 Worker +
1333547 ttanurh+  15  -5 4938172   1,4g  92564 S  19,8   4,6   0:32.28 Worker +
1333382  693  4.5 1496844 139
Dirty:              7928 kB
Writeback:             0 kB
--- t+55s ---
1333580 ttanurh+  15  -5 4938172   1,4g  92564 S  29,7   4,6   0:33.45 Worker +
1333537 ttanurh+  15  -5 4938172   1,4g  92564 R  24,7   4,6   0:33.76 Worker +
1333538 ttanurh+  15  -5 4938172   1,4g  92564 S  24,7   4,6   0:33.81 Worker +
1333540 ttanurh+  15  -5 4938172   1,4g  92564 R  24,7   4,6   0:33.82 Worker +
1333542 ttanurh+  15  -5 4938172   1,4g  92564 R  24,7   4,6   0:33.57 Worker +
1333543 ttanurh+  15  -5 4938172   1,4g  92564 R  24,7   4,6   0:33.54 Worker +
1333544 ttanurh+  15  -5 4938172   1,4g  92564 R  24,7   4,6   0:33.48 Worker +
1333546 ttanurh+  15  -5 4938172   1,4g  92564 S  24,7   4,6   0:33.49 Worker +
1333550 ttanurh+  15  -5 4938172   1,4g  92564 S  24,7   4,6   0:33.41 Worker +
1333552 ttanurh+  15  -5 4938172   1,4g  92564 R  24,7   4,6   0:33.46 Worker +
1333572 ttanurh+  15  -5 4938172   1,4g  92564 S  24,7   4,6   0:33.43 Worker +
1333574 ttanurh+  15  -5 4938172   1,4g  92564 S  24,7   4,6   0:33.43 Worker +
1333575 ttanurh+  15  -5 4938172   1,4g  92564 R  24,7   4,6   0:33.43 Worker +
1333576 ttanurh+  15  -5 4938172   1,4g  92564 R  24,7   4,6   0:33.35 Worker +
1333577 ttanurh+  15  -5 4938172   1,4g  92564 R  24,7   4,6   0:33.36 Worker +
1333382  696  4.5 1497004 139
Dirty:              9432 kB
Writeback:             0 kB
--- t+60s ---
1333549 ttanurh+  15  -5 4938168   1,4g  92560 S  29,7   4,6   0:34.49 Worker +
1333541 ttanurh+  15  -5 4938168   1,4g  92560 S  24,7   4,6   0:34.93 Worker +
1333543 ttanurh+  15  -5 4938168   1,4g  92560 S  24,7   4,6   0:34.67 Worker +
1333544 ttanurh+  15  -5 4938168   1,4g  92560 S  24,7   4,6   0:34.61 Worker +
1333545 ttanurh+  15  -5 4938168   1,4g  92560 S  24,7   4,6   0:34.48 Worker +
1333573 ttanurh+  15  -5 4938168   1,4g  92560 R  24,7   4,6   0:34.61 Worker +
1333575 ttanurh+  15  -5 4938168   1,4g  92560 S  24,7   4,6   0:34.56 Worker +
1333576 ttanurh+  15  -5 4938168   1,4g  92560 R  24,7   4,6   0:34.48 Worker +
1333522 ttanurh+  15  -5 4938168   1,4g  92560 S  19,8   4,6   0:26.78 UnityCl+
1333536 ttanurh+  15  -5 4938168   1,4g  92560 S  19,8   4,6   0:35.02 Worker +
1333537 ttanurh+  15  -5 4938168   1,4g  92560 R  19,8   4,6   0:34.91 Worker +
1333538 ttanurh+  15  -5 4938168   1,4g  92560 S  19,8   4,6   0:34.96 Worker +
1333539 ttanurh+  15  -5 4938168   1,4g  92560 R  19,8   4,6   0:34.87 Worker +
1333540 ttanurh+  15  -5 4938168   1,4g  92560 S  19,8   4,6   0:34.97 Worker +
1333542 ttanurh+  15  -5 4938168   1,4g  92560 S  19,8   4,6   0:34.70 Worker +
1333382  699  4.5 1497056 139
Dirty:             11128 kB
Writeback:             0 kB
=== done ===
